[0.008s] Invoking command in '/home/gabriel/Git_perso/UsineRobots/turtlebot2_ros2_rasp3/ros2_wc_gabriel/build/action_tutorials_interfaces': CMAKE_PREFIX_PATH=${CMAKE_PREFIX_PATH}:/opt/ros/humble /usr/bin/cmake /home/gabriel/Git_perso/UsineRobots/turtlebot2_ros2_rasp3/ros2_wc_gabriel/src/action_tutorials_interfaces -DCMAKE_INSTALL_PREFIX=/home/gabriel/Git_perso/UsineRobots/turtlebot2_ros2_rasp3/ros2_wc_gabriel/install/action_tutorials_interfaces
[0.050s] -- The C compiler identification is GNU 11.4.0
[0.101s] -- The CXX compiler identification is GNU 11.4.0
[0.106s] -- Detecting C compiler ABI info
[0.176s] -- Detecting C compiler ABI info - done
[0.184s] -- Check for working C compiler: /usr/bin/cc - skipped
[0.184s] -- Detecting C compile features
[0.184s] -- Detecting C compile features - done
[0.186s] -- Detecting CXX compiler ABI info
[0.275s] -- Detecting CXX compiler ABI info - done
[0.285s] -- Check for working CXX compiler: /usr/bin/c++ - skipped
[0.285s] -- Detecting CXX compile features
[0.286s] -- Detecting CXX compile features - done
[0.288s] -- Found ament_cmake: 1.3.11 (/opt/ros/humble/share/ament_cmake/cmake)
[0.415s] -- Found Python3: /usr/bin/python3 (found version "3.10.12") found components: Interpreter 
[0.481s] -- Found ament_lint_auto: 0.12.11 (/opt/ros/humble/share/ament_lint_auto/cmake)
[0.545s] -- Found rosidl_default_generators: 1.2.0 (/opt/ros/humble/share/rosidl_default_generators/cmake)
[0.553s] -- Using all available rosidl_typesupport_c: rosidl_typesupport_fastrtps_c;rosidl_typesupport_introspection_c
[0.560s] -- Found rosidl_adapter: 3.1.6 (/opt/ros/humble/share/rosidl_adapter/cmake)
[0.587s] -- Using all available rosidl_typesupport_cpp: rosidl_typesupport_fastrtps_cpp;rosidl_typesupport_introspection_cpp
[0.880s] -- Found ament_cmake_ros: 0.10.0 (/opt/ros/humble/share/ament_cmake_ros/cmake)
[1.080s] -- Using all available rosidl_typesupport_c: rosidl_typesupport_fastrtps_c;rosidl_typesupport_introspection_c
[1.380s] -- Using all available rosidl_typesupport_cpp: rosidl_typesupport_fastrtps_cpp;rosidl_typesupport_introspection_cpp
[1.421s] -- Found PythonInterp: /usr/bin/python3 (found suitable version "3.10.12", minimum required is "3.6") 
[1.430s] -- Found python_cmake_module: 0.10.0 (/opt/ros/humble/share/python_cmake_module/cmake)
[1.493s] -- Found PythonLibs: /usr/lib/x86_64-linux-gnu/libpython3.10.so (found suitable version "3.10.12", minimum required is "3.5") 
[1.493s] -- Using PYTHON_EXECUTABLE: /usr/bin/python3
[1.494s] -- Using PYTHON_INCLUDE_DIRS: /usr/include/python3.10
[1.494s] -- Using PYTHON_LIBRARIES: /usr/lib/x86_64-linux-gnu/libpython3.10.so
[1.517s] -- Found PythonExtra: .so  
[1.580s] -- Added test 'lint_cmake' to check CMake code style
[1.581s] -- Added test 'xmllint' to check XML markup files
[1.607s] -- Configuring done
[1.629s] -- Generating done
[1.637s] -- Build files have been written to: /home/gabriel/Git_perso/UsineRobots/turtlebot2_ros2_rasp3/ros2_wc_gabriel/build/action_tutorials_interfaces
[1.642s] Invoked command in '/home/gabriel/Git_perso/UsineRobots/turtlebot2_ros2_rasp3/ros2_wc_gabriel/build/action_tutorials_interfaces' returned '0': CMAKE_PREFIX_PATH=${CMAKE_PREFIX_PATH}:/opt/ros/humble /usr/bin/cmake /home/gabriel/Git_perso/UsineRobots/turtlebot2_ros2_rasp3/ros2_wc_gabriel/src/action_tutorials_interfaces -DCMAKE_INSTALL_PREFIX=/home/gabriel/Git_perso/UsineRobots/turtlebot2_ros2_rasp3/ros2_wc_gabriel/install/action_tutorials_interfaces
[1.643s] Invoking command in '/home/gabriel/Git_perso/UsineRobots/turtlebot2_ros2_rasp3/ros2_wc_gabriel/build/action_tutorials_interfaces': CMAKE_PREFIX_PATH=${CMAKE_PREFIX_PATH}:/opt/ros/humble /usr/bin/cmake --build /home/gabriel/Git_perso/UsineRobots/turtlebot2_ros2_rasp3/ros2_wc_gabriel/build/action_tutorials_interfaces -- -j20 -l20
[1.683s] [  3%] [34m[1mGenerating C code for ROS interfaces[0m
[1.694s] [  6%] [34m[1mGenerating C++ code for ROS interfaces[0m
[1.700s] [  6%] Built target ament_cmake_python_copy_action_tutorials_interfaces
[1.858s] running egg_info
[1.858s] creating action_tutorials_interfaces.egg-info
[1.858s] writing action_tutorials_interfaces.egg-info/PKG-INFO
[1.858s] writing dependency_links to action_tutorials_interfaces.egg-info/dependency_links.txt
[1.858s] writing top-level names to action_tutorials_interfaces.egg-info/top_level.txt
[1.859s] writing manifest file 'action_tutorials_interfaces.egg-info/SOURCES.txt'
[1.863s] reading manifest file 'action_tutorials_interfaces.egg-info/SOURCES.txt'
[1.863s] writing manifest file 'action_tutorials_interfaces.egg-info/SOURCES.txt'
[1.882s] [  6%] Built target ament_cmake_python_build_action_tutorials_interfaces_egg
[2.002s] [  9%] [32mBuilding C object CMakeFiles/action_tutorials_interfaces__rosidl_generator_c.dir/rosidl_generator_c/action_tutorials_interfaces/action/detail/fibonacci__functions.c.o[0m
[2.018s] [  9%] Built target action_tutorials_interfaces__cpp
[2.027s] [ 12%] [34m[1mGenerating C++ introspection for ROS interfaces[0m
[2.028s] [ 16%] [34m[1mGenerating C++ type support for eProsima Fast-RTPS[0m
[2.028s] [ 19%] [34m[1mGenerating C++ type support dispatch for ROS interfaces[0m
[2.187s] [ 22%] [32m[1mLinking C shared library libaction_tutorials_interfaces__rosidl_generator_c.so[0m
[2.229s] [ 22%] Built target action_tutorials_interfaces__rosidl_generator_c
[2.234s] [ 25%] [32mBuilding CXX object CMakeFiles/action_tutorials_interfaces__rosidl_typesupport_cpp.dir/rosidl_typesupport_cpp/action_tutorials_interfaces/action/fibonacci__type_support.cpp.o[0m
[2.237s] [ 32%] [34m[1mGenerating C type support dispatch for ROS interfaces[0m
[2.237s] [ 32%] [34m[1mGenerating C type support for eProsima Fast-RTPS[0m
[2.239s] [ 35%] [34m[1mGenerating C introspection for ROS interfaces[0m
[2.257s] [ 38%] [32mBuilding CXX object CMakeFiles/action_tutorials_interfaces__rosidl_typesupport_introspection_cpp.dir/rosidl_typesupport_introspection_cpp/action_tutorials_interfaces/action/detail/fibonacci__type_support.cpp.o[0m
[2.293s] [ 41%] [32mBuilding CXX object CMakeFiles/action_tutorials_interfaces__rosidl_typesupport_fastrtps_cpp.dir/rosidl_typesupport_fastrtps_cpp/action_tutorials_interfaces/action/detail/dds_fastrtps/fibonacci__type_support.cpp.o[0m
[2.427s] [ 45%] [32mBuilding CXX object CMakeFiles/action_tutorials_interfaces__rosidl_typesupport_c.dir/rosidl_typesupport_c/action_tutorials_interfaces/action/fibonacci__type_support.cpp.o[0m
[2.474s] [ 48%] [32mBuilding C object CMakeFiles/action_tutorials_interfaces__rosidl_typesupport_introspection_c.dir/rosidl_typesupport_introspection_c/action_tutorials_interfaces/action/detail/fibonacci__type_support.c.o[0m
[2.493s] [ 51%] [32mBuilding CXX object CMakeFiles/action_tutorials_interfaces__rosidl_typesupport_fastrtps_c.dir/rosidl_typesupport_fastrtps_c/action_tutorials_interfaces/action/detail/fibonacci__type_support_c.cpp.o[0m
[2.493s] [ 54%] [32m[1mLinking CXX shared library libaction_tutorials_interfaces__rosidl_typesupport_c.so[0m
[2.542s] [ 58%] [32m[1mLinking C shared library libaction_tutorials_interfaces__rosidl_typesupport_introspection_c.so[0m
[2.544s] [ 58%] Built target action_tutorials_interfaces__rosidl_typesupport_c
[2.561s] [ 61%] [32m[1mLinking CXX shared library libaction_tutorials_interfaces__rosidl_typesupport_cpp.so[0m
[2.588s] [ 61%] Built target action_tutorials_interfaces__rosidl_typesupport_introspection_c
[2.636s] [ 61%] Built target action_tutorials_interfaces__rosidl_typesupport_cpp
[2.672s] [ 64%] [32m[1mLinking CXX shared library libaction_tutorials_interfaces__rosidl_typesupport_introspection_cpp.so[0m
[2.705s] [ 67%] [32m[1mLinking CXX shared library libaction_tutorials_interfaces__rosidl_typesupport_fastrtps_cpp.so[0m
[2.728s] [ 70%] [32m[1mLinking CXX shared library libaction_tutorials_interfaces__rosidl_typesupport_fastrtps_c.so[0m
[2.750s] [ 70%] Built target action_tutorials_interfaces__rosidl_typesupport_introspection_cpp
[2.782s] [ 70%] Built target action_tutorials_interfaces__rosidl_typesupport_fastrtps_cpp
[2.805s] [ 70%] Built target action_tutorials_interfaces__rosidl_typesupport_fastrtps_c
[2.830s] [ 70%] Built target action_tutorials_interfaces
[2.852s] [ 74%] [34m[1mGenerating Python code for ROS interfaces[0m
[3.320s] [ 74%] Built target action_tutorials_interfaces__py
[3.343s] [ 77%] [32mBuilding C object CMakeFiles/action_tutorials_interfaces__rosidl_generator_py.dir/rosidl_generator_py/action_tutorials_interfaces/action/_fibonacci_s.c.o[0m
[3.881s] [ 80%] [32m[1mLinking C shared library rosidl_generator_py/action_tutorials_interfaces/libaction_tutorials_interfaces__rosidl_generator_py.so[0m
[3.987s] [ 80%] Built target action_tutorials_interfaces__rosidl_generator_py
[4.012s] [ 83%] [32mBuilding C object CMakeFiles/action_tutorials_interfaces__rosidl_typesupport_introspection_c__pyext.dir/rosidl_generator_py/action_tutorials_interfaces/_action_tutorials_interfaces_s.ep.rosidl_typesupport_introspection_c.c.o[0m
[4.014s] [ 87%] [32mBuilding C object CMakeFiles/action_tutorials_interfaces__rosidl_typesupport_fastrtps_c__pyext.dir/rosidl_generator_py/action_tutorials_interfaces/_action_tutorials_interfaces_s.ep.rosidl_typesupport_fastrtps_c.c.o[0m
[4.015s] [ 90%] [32mBuilding C object CMakeFiles/action_tutorials_interfaces__rosidl_typesupport_c__pyext.dir/rosidl_generator_py/action_tutorials_interfaces/_action_tutorials_interfaces_s.ep.rosidl_typesupport_c.c.o[0m
[4.114s] [ 93%] [32m[1mLinking C shared library rosidl_generator_py/action_tutorials_interfaces/action_tutorials_interfaces_s__rosidl_typesupport_fastrtps_c.cpython-310-x86_64-linux-gnu.so[0m
[4.117s] [ 96%] [32m[1mLinking C shared library rosidl_generator_py/action_tutorials_interfaces/action_tutorials_interfaces_s__rosidl_typesupport_introspection_c.cpython-310-x86_64-linux-gnu.so[0m
[4.125s] [100%] [32m[1mLinking C shared library rosidl_generator_py/action_tutorials_interfaces/action_tutorials_interfaces_s__rosidl_typesupport_c.cpython-310-x86_64-linux-gnu.so[0m
[4.159s] [100%] Built target action_tutorials_interfaces__rosidl_typesupport_fastrtps_c__pyext
[4.162s] [100%] Built target action_tutorials_interfaces__rosidl_typesupport_introspection_c__pyext
[4.169s] [100%] Built target action_tutorials_interfaces__rosidl_typesupport_c__pyext
[4.181s] Invoked command in '/home/gabriel/Git_perso/UsineRobots/turtlebot2_ros2_rasp3/ros2_wc_gabriel/build/action_tutorials_interfaces' returned '0': CMAKE_PREFIX_PATH=${CMAKE_PREFIX_PATH}:/opt/ros/humble /usr/bin/cmake --build /home/gabriel/Git_perso/UsineRobots/turtlebot2_ros2_rasp3/ros2_wc_gabriel/build/action_tutorials_interfaces -- -j20 -l20
[4.182s] Invoking command in '/home/gabriel/Git_perso/UsineRobots/turtlebot2_ros2_rasp3/ros2_wc_gabriel/build/action_tutorials_interfaces': CMAKE_PREFIX_PATH=${CMAKE_PREFIX_PATH}:/opt/ros/humble /usr/bin/cmake --install /home/gabriel/Git_perso/UsineRobots/turtlebot2_ros2_rasp3/ros2_wc_gabriel/build/action_tutorials_interfaces
[4.193s] -- Install configuration: ""
[4.193s] -- Installing: /home/gabriel/Git_perso/UsineRobots/turtlebot2_ros2_rasp3/ros2_wc_gabriel/install/action_tutorials_interfaces/share/ament_index/resource_index/rosidl_interfaces/action_tutorials_interfaces
[4.193s] -- Installing: /home/gabriel/Git_perso/UsineRobots/turtlebot2_ros2_rasp3/ros2_wc_gabriel/install/action_tutorials_interfaces/include/action_tutorials_interfaces/action_tutorials_interfaces
[4.193s] -- Installing: /home/gabriel/Git_perso/UsineRobots/turtlebot2_ros2_rasp3/ros2_wc_gabriel/install/action_tutorials_interfaces/include/action_tutorials_interfaces/action_tutorials_interfaces/msg
[4.193s] -- Installing: /home/gabriel/Git_perso/UsineRobots/turtlebot2_ros2_rasp3/ros2_wc_gabriel/install/action_tutorials_interfaces/include/action_tutorials_interfaces/action_tutorials_interfaces/msg/rosidl_generator_c__visibility_control.h
[4.193s] -- Installing: /home/gabriel/Git_perso/UsineRobots/turtlebot2_ros2_rasp3/ros2_wc_gabriel/install/action_tutorials_interfaces/include/action_tutorials_interfaces/action_tutorials_interfaces/action
[4.193s] -- Installing: /home/gabriel/Git_perso/UsineRobots/turtlebot2_ros2_rasp3/ros2_wc_gabriel/install/action_tutorials_interfaces/include/action_tutorials_interfaces/action_tutorials_interfaces/action/detail
[4.193s] -- Installing: /home/gabriel/Git_perso/UsineRobots/turtlebot2_ros2_rasp3/ros2_wc_gabriel/install/action_tutorials_interfaces/include/action_tutorials_interfaces/action_tutorials_interfaces/action/detail/fibonacci__functions.h
[4.194s] -- Installing: /home/gabriel/Git_perso/UsineRobots/turtlebot2_ros2_rasp3/ros2_wc_gabriel/install/action_tutorials_interfaces/include/action_tutorials_interfaces/action_tutorials_interfaces/action/detail/fibonacci__functions.c
[4.194s] -- Installing: /home/gabriel/Git_perso/UsineRobots/turtlebot2_ros2_rasp3/ros2_wc_gabriel/install/action_tutorials_interfaces/include/action_tutorials_interfaces/action_tutorials_interfaces/action/detail/fibonacci__struct.h
[4.194s] -- Installing: /home/gabriel/Git_perso/UsineRobots/turtlebot2_ros2_rasp3/ros2_wc_gabriel/install/action_tutorials_interfaces/include/action_tutorials_interfaces/action_tutorials_interfaces/action/detail/fibonacci__type_support.h
[4.194s] -- Installing: /home/gabriel/Git_perso/UsineRobots/turtlebot2_ros2_rasp3/ros2_wc_gabriel/install/action_tutorials_interfaces/include/action_tutorials_interfaces/action_tutorials_interfaces/action/fibonacci.h
[4.194s] -- Installing: /home/gabriel/Git_perso/UsineRobots/turtlebot2_ros2_rasp3/ros2_wc_gabriel/install/action_tutorials_interfaces/share/action_tutorials_interfaces/environment/library_path.sh
[4.194s] -- Installing: /home/gabriel/Git_perso/UsineRobots/turtlebot2_ros2_rasp3/ros2_wc_gabriel/install/action_tutorials_interfaces/share/action_tutorials_interfaces/environment/library_path.dsv
[4.194s] -- Installing: /home/gabriel/Git_perso/UsineRobots/turtlebot2_ros2_rasp3/ros2_wc_gabriel/install/action_tutorials_interfaces/lib/libaction_tutorials_interfaces__rosidl_generator_c.so
[4.195s] -- Set runtime path of "/home/gabriel/Git_perso/UsineRobots/turtlebot2_ros2_rasp3/ros2_wc_gabriel/install/action_tutorials_interfaces/lib/libaction_tutorials_interfaces__rosidl_generator_c.so" to ""
[4.195s] -- Up-to-date: /home/gabriel/Git_perso/UsineRobots/turtlebot2_ros2_rasp3/ros2_wc_gabriel/install/action_tutorials_interfaces/include/action_tutorials_interfaces/action_tutorials_interfaces
[4.195s] -- Up-to-date: /home/gabriel/Git_perso/UsineRobots/turtlebot2_ros2_rasp3/ros2_wc_gabriel/install/action_tutorials_interfaces/include/action_tutorials_interfaces/action_tutorials_interfaces/msg
[4.195s] -- Installing: /home/gabriel/Git_perso/UsineRobots/turtlebot2_ros2_rasp3/ros2_wc_gabriel/install/action_tutorials_interfaces/include/action_tutorials_interfaces/action_tutorials_interfaces/msg/rosidl_typesupport_fastrtps_c__visibility_control.h
[4.195s] -- Up-to-date: /home/gabriel/Git_perso/UsineRobots/turtlebot2_ros2_rasp3/ros2_wc_gabriel/install/action_tutorials_interfaces/include/action_tutorials_interfaces/action_tutorials_interfaces/action
[4.195s] -- Up-to-date: /home/gabriel/Git_perso/UsineRobots/turtlebot2_ros2_rasp3/ros2_wc_gabriel/install/action_tutorials_interfaces/include/action_tutorials_interfaces/action_tutorials_interfaces/action/detail
[4.195s] -- Installing: /home/gabriel/Git_perso/UsineRobots/turtlebot2_ros2_rasp3/ros2_wc_gabriel/install/action_tutorials_interfaces/include/action_tutorials_interfaces/action_tutorials_interfaces/action/detail/fibonacci__rosidl_typesupport_fastrtps_c.h
[4.195s] -- Installing: /home/gabriel/Git_perso/UsineRobots/turtlebot2_ros2_rasp3/ros2_wc_gabriel/install/action_tutorials_interfaces/lib/libaction_tutorials_interfaces__rosidl_typesupport_fastrtps_c.so
[4.195s] -- Set runtime path of "/home/gabriel/Git_perso/UsineRobots/turtlebot2_ros2_rasp3/ros2_wc_gabriel/install/action_tutorials_interfaces/lib/libaction_tutorials_interfaces__rosidl_typesupport_fastrtps_c.so" to ""
[4.195s] -- Up-to-date: /home/gabriel/Git_perso/UsineRobots/turtlebot2_ros2_rasp3/ros2_wc_gabriel/install/action_tutorials_interfaces/include/action_tutorials_interfaces/action_tutorials_interfaces
[4.195s] -- Up-to-date: /home/gabriel/Git_perso/UsineRobots/turtlebot2_ros2_rasp3/ros2_wc_gabriel/install/action_tutorials_interfaces/include/action_tutorials_interfaces/action_tutorials_interfaces/msg
[4.196s] -- Installing: /home/gabriel/Git_perso/UsineRobots/turtlebot2_ros2_rasp3/ros2_wc_gabriel/install/action_tutorials_interfaces/include/action_tutorials_interfaces/action_tutorials_interfaces/msg/rosidl_typesupport_introspection_c__visibility_control.h
[4.196s] -- Up-to-date: /home/gabriel/Git_perso/UsineRobots/turtlebot2_ros2_rasp3/ros2_wc_gabriel/install/action_tutorials_interfaces/include/action_tutorials_interfaces/action_tutorials_interfaces/action
[4.196s] -- Up-to-date: /home/gabriel/Git_perso/UsineRobots/turtlebot2_ros2_rasp3/ros2_wc_gabriel/install/action_tutorials_interfaces/include/action_tutorials_interfaces/action_tutorials_interfaces/action/detail
[4.196s] -- Installing: /home/gabriel/Git_perso/UsineRobots/turtlebot2_ros2_rasp3/ros2_wc_gabriel/install/action_tutorials_interfaces/include/action_tutorials_interfaces/action_tutorials_interfaces/action/detail/fibonacci__type_support.c
[4.196s] -- Installing: /home/gabriel/Git_perso/UsineRobots/turtlebot2_ros2_rasp3/ros2_wc_gabriel/install/action_tutorials_interfaces/include/action_tutorials_interfaces/action_tutorials_interfaces/action/detail/fibonacci__rosidl_typesupport_introspection_c.h
[4.196s] -- Installing: /home/gabriel/Git_perso/UsineRobots/turtlebot2_ros2_rasp3/ros2_wc_gabriel/install/action_tutorials_interfaces/lib/libaction_tutorials_interfaces__rosidl_typesupport_introspection_c.so
[4.196s] -- Set runtime path of "/home/gabriel/Git_perso/UsineRobots/turtlebot2_ros2_rasp3/ros2_wc_gabriel/install/action_tutorials_interfaces/lib/libaction_tutorials_interfaces__rosidl_typesupport_introspection_c.so" to ""
[4.196s] -- Installing: /home/gabriel/Git_perso/UsineRobots/turtlebot2_ros2_rasp3/ros2_wc_gabriel/install/action_tutorials_interfaces/lib/libaction_tutorials_interfaces__rosidl_typesupport_c.so
[4.196s] -- Set runtime path of "/home/gabriel/Git_perso/UsineRobots/turtlebot2_ros2_rasp3/ros2_wc_gabriel/install/action_tutorials_interfaces/lib/libaction_tutorials_interfaces__rosidl_typesupport_c.so" to ""
[4.196s] -- Up-to-date: /home/gabriel/Git_perso/UsineRobots/turtlebot2_ros2_rasp3/ros2_wc_gabriel/install/action_tutorials_interfaces/include/action_tutorials_interfaces/action_tutorials_interfaces
[4.197s] -- Up-to-date: /home/gabriel/Git_perso/UsineRobots/turtlebot2_ros2_rasp3/ros2_wc_gabriel/install/action_tutorials_interfaces/include/action_tutorials_interfaces/action_tutorials_interfaces/msg
[4.197s] -- Installing: /home/gabriel/Git_perso/UsineRobots/turtlebot2_ros2_rasp3/ros2_wc_gabriel/install/action_tutorials_interfaces/include/action_tutorials_interfaces/action_tutorials_interfaces/msg/rosidl_generator_cpp__visibility_control.hpp
[4.197s] -- Up-to-date: /home/gabriel/Git_perso/UsineRobots/turtlebot2_ros2_rasp3/ros2_wc_gabriel/install/action_tutorials_interfaces/include/action_tutorials_interfaces/action_tutorials_interfaces/action
[4.197s] -- Up-to-date: /home/gabriel/Git_perso/UsineRobots/turtlebot2_ros2_rasp3/ros2_wc_gabriel/install/action_tutorials_interfaces/include/action_tutorials_interfaces/action_tutorials_interfaces/action/detail
[4.197s] -- Installing: /home/gabriel/Git_perso/UsineRobots/turtlebot2_ros2_rasp3/ros2_wc_gabriel/install/action_tutorials_interfaces/include/action_tutorials_interfaces/action_tutorials_interfaces/action/detail/fibonacci__builder.hpp
[4.197s] -- Installing: /home/gabriel/Git_perso/UsineRobots/turtlebot2_ros2_rasp3/ros2_wc_gabriel/install/action_tutorials_interfaces/include/action_tutorials_interfaces/action_tutorials_interfaces/action/detail/fibonacci__traits.hpp
[4.197s] -- Installing: /home/gabriel/Git_perso/UsineRobots/turtlebot2_ros2_rasp3/ros2_wc_gabriel/install/action_tutorials_interfaces/include/action_tutorials_interfaces/action_tutorials_interfaces/action/detail/fibonacci__struct.hpp
[4.197s] -- Installing: /home/gabriel/Git_perso/UsineRobots/turtlebot2_ros2_rasp3/ros2_wc_gabriel/install/action_tutorials_interfaces/include/action_tutorials_interfaces/action_tutorials_interfaces/action/detail/fibonacci__type_support.hpp
[4.197s] -- Installing: /home/gabriel/Git_perso/UsineRobots/turtlebot2_ros2_rasp3/ros2_wc_gabriel/install/action_tutorials_interfaces/include/action_tutorials_interfaces/action_tutorials_interfaces/action/fibonacci.hpp
[4.197s] -- Up-to-date: /home/gabriel/Git_perso/UsineRobots/turtlebot2_ros2_rasp3/ros2_wc_gabriel/install/action_tutorials_interfaces/include/action_tutorials_interfaces/action_tutorials_interfaces
[4.197s] -- Up-to-date: /home/gabriel/Git_perso/UsineRobots/turtlebot2_ros2_rasp3/ros2_wc_gabriel/install/action_tutorials_interfaces/include/action_tutorials_interfaces/action_tutorials_interfaces/msg
[4.197s] -- Installing: /home/gabriel/Git_perso/UsineRobots/turtlebot2_ros2_rasp3/ros2_wc_gabriel/install/action_tutorials_interfaces/include/action_tutorials_interfaces/action_tutorials_interfaces/msg/rosidl_typesupport_fastrtps_cpp__visibility_control.h
[4.197s] -- Up-to-date: /home/gabriel/Git_perso/UsineRobots/turtlebot2_ros2_rasp3/ros2_wc_gabriel/install/action_tutorials_interfaces/include/action_tutorials_interfaces/action_tutorials_interfaces/action
[4.197s] -- Up-to-date: /home/gabriel/Git_perso/UsineRobots/turtlebot2_ros2_rasp3/ros2_wc_gabriel/install/action_tutorials_interfaces/include/action_tutorials_interfaces/action_tutorials_interfaces/action/detail
[4.198s] -- Installing: /home/gabriel/Git_perso/UsineRobots/turtlebot2_ros2_rasp3/ros2_wc_gabriel/install/action_tutorials_interfaces/include/action_tutorials_interfaces/action_tutorials_interfaces/action/detail/dds_fastrtps
[4.198s] -- Installing: /home/gabriel/Git_perso/UsineRobots/turtlebot2_ros2_rasp3/ros2_wc_gabriel/install/action_tutorials_interfaces/include/action_tutorials_interfaces/action_tutorials_interfaces/action/detail/fibonacci__rosidl_typesupport_fastrtps_cpp.hpp
[4.198s] -- Installing: /home/gabriel/Git_perso/UsineRobots/turtlebot2_ros2_rasp3/ros2_wc_gabriel/install/action_tutorials_interfaces/lib/libaction_tutorials_interfaces__rosidl_typesupport_fastrtps_cpp.so
[4.198s] -- Set runtime path of "/home/gabriel/Git_perso/UsineRobots/turtlebot2_ros2_rasp3/ros2_wc_gabriel/install/action_tutorials_interfaces/lib/libaction_tutorials_interfaces__rosidl_typesupport_fastrtps_cpp.so" to ""
[4.198s] -- Up-to-date: /home/gabriel/Git_perso/UsineRobots/turtlebot2_ros2_rasp3/ros2_wc_gabriel/install/action_tutorials_interfaces/include/action_tutorials_interfaces/action_tutorials_interfaces
[4.198s] -- Up-to-date: /home/gabriel/Git_perso/UsineRobots/turtlebot2_ros2_rasp3/ros2_wc_gabriel/install/action_tutorials_interfaces/include/action_tutorials_interfaces/action_tutorials_interfaces/action
[4.198s] -- Up-to-date: /home/gabriel/Git_perso/UsineRobots/turtlebot2_ros2_rasp3/ros2_wc_gabriel/install/action_tutorials_interfaces/include/action_tutorials_interfaces/action_tutorials_interfaces/action/detail
[4.198s] -- Installing: /home/gabriel/Git_perso/UsineRobots/turtlebot2_ros2_rasp3/ros2_wc_gabriel/install/action_tutorials_interfaces/include/action_tutorials_interfaces/action_tutorials_interfaces/action/detail/fibonacci__type_support.cpp
[4.198s] -- Installing: /home/gabriel/Git_perso/UsineRobots/turtlebot2_ros2_rasp3/ros2_wc_gabriel/install/action_tutorials_interfaces/include/action_tutorials_interfaces/action_tutorials_interfaces/action/detail/fibonacci__rosidl_typesupport_introspection_cpp.hpp
[4.198s] -- Installing: /home/gabriel/Git_perso/UsineRobots/turtlebot2_ros2_rasp3/ros2_wc_gabriel/install/action_tutorials_interfaces/lib/libaction_tutorials_interfaces__rosidl_typesupport_introspection_cpp.so
[4.199s] -- Set runtime path of "/home/gabriel/Git_perso/UsineRobots/turtlebot2_ros2_rasp3/ros2_wc_gabriel/install/action_tutorials_interfaces/lib/libaction_tutorials_interfaces__rosidl_typesupport_introspection_cpp.so" to ""
[4.199s] -- Installing: /home/gabriel/Git_perso/UsineRobots/turtlebot2_ros2_rasp3/ros2_wc_gabriel/install/action_tutorials_interfaces/lib/libaction_tutorials_interfaces__rosidl_typesupport_cpp.so
[4.199s] -- Set runtime path of "/home/gabriel/Git_perso/UsineRobots/turtlebot2_ros2_rasp3/ros2_wc_gabriel/install/action_tutorials_interfaces/lib/libaction_tutorials_interfaces__rosidl_typesupport_cpp.so" to ""
[4.199s] -- Installing: /home/gabriel/Git_perso/UsineRobots/turtlebot2_ros2_rasp3/ros2_wc_gabriel/install/action_tutorials_interfaces/share/action_tutorials_interfaces/environment/pythonpath.sh
[4.199s] -- Installing: /home/gabriel/Git_perso/UsineRobots/turtlebot2_ros2_rasp3/ros2_wc_gabriel/install/action_tutorials_interfaces/share/action_tutorials_interfaces/environment/pythonpath.dsv
[4.199s] -- Installing: /home/gabriel/Git_perso/UsineRobots/turtlebot2_ros2_rasp3/ros2_wc_gabriel/install/action_tutorials_interfaces/local/lib/python3.10/dist-packages/action_tutorials_interfaces-0.0.0-py3.10.egg-info
[4.199s] -- Installing: /home/gabriel/Git_perso/UsineRobots/turtlebot2_ros2_rasp3/ros2_wc_gabriel/install/action_tutorials_interfaces/local/lib/python3.10/dist-packages/action_tutorials_interfaces-0.0.0-py3.10.egg-info/SOURCES.txt
[4.199s] -- Installing: /home/gabriel/Git_perso/UsineRobots/turtlebot2_ros2_rasp3/ros2_wc_gabriel/install/action_tutorials_interfaces/local/lib/python3.10/dist-packages/action_tutorials_interfaces-0.0.0-py3.10.egg-info/top_level.txt
[4.199s] -- Installing: /home/gabriel/Git_perso/UsineRobots/turtlebot2_ros2_rasp3/ros2_wc_gabriel/install/action_tutorials_interfaces/local/lib/python3.10/dist-packages/action_tutorials_interfaces-0.0.0-py3.10.egg-info/PKG-INFO
[4.199s] -- Installing: /home/gabriel/Git_perso/UsineRobots/turtlebot2_ros2_rasp3/ros2_wc_gabriel/install/action_tutorials_interfaces/local/lib/python3.10/dist-packages/action_tutorials_interfaces-0.0.0-py3.10.egg-info/dependency_links.txt
[4.200s] -- Installing: /home/gabriel/Git_perso/UsineRobots/turtlebot2_ros2_rasp3/ros2_wc_gabriel/install/action_tutorials_interfaces/local/lib/python3.10/dist-packages/action_tutorials_interfaces
[4.200s] -- Installing: /home/gabriel/Git_perso/UsineRobots/turtlebot2_ros2_rasp3/ros2_wc_gabriel/install/action_tutorials_interfaces/local/lib/python3.10/dist-packages/action_tutorials_interfaces/action_tutorials_interfaces_s__rosidl_typesupport_fastrtps_c.cpython-310-x86_64-linux-gnu.so
[4.200s] -- Installing: /home/gabriel/Git_perso/UsineRobots/turtlebot2_ros2_rasp3/ros2_wc_gabriel/install/action_tutorials_interfaces/local/lib/python3.10/dist-packages/action_tutorials_interfaces/_action_tutorials_interfaces_s.ep.rosidl_typesupport_introspection_c.c
[4.200s] -- Installing: /home/gabriel/Git_perso/UsineRobots/turtlebot2_ros2_rasp3/ros2_wc_gabriel/install/action_tutorials_interfaces/local/lib/python3.10/dist-packages/action_tutorials_interfaces/action_tutorials_interfaces_s__rosidl_typesupport_introspection_c.cpython-310-x86_64-linux-gnu.so
[4.200s] -- Installing: /home/gabriel/Git_perso/UsineRobots/turtlebot2_ros2_rasp3/ros2_wc_gabriel/install/action_tutorials_interfaces/local/lib/python3.10/dist-packages/action_tutorials_interfaces/__init__.py
[4.200s] -- Installing: /home/gabriel/Git_perso/UsineRobots/turtlebot2_ros2_rasp3/ros2_wc_gabriel/install/action_tutorials_interfaces/local/lib/python3.10/dist-packages/action_tutorials_interfaces/_action_tutorials_interfaces_s.ep.rosidl_typesupport_c.c
[4.200s] -- Installing: /home/gabriel/Git_perso/UsineRobots/turtlebot2_ros2_rasp3/ros2_wc_gabriel/install/action_tutorials_interfaces/local/lib/python3.10/dist-packages/action_tutorials_interfaces/action_tutorials_interfaces_s__rosidl_typesupport_c.cpython-310-x86_64-linux-gnu.so
[4.200s] -- Installing: /home/gabriel/Git_perso/UsineRobots/turtlebot2_ros2_rasp3/ros2_wc_gabriel/install/action_tutorials_interfaces/local/lib/python3.10/dist-packages/action_tutorials_interfaces/_action_tutorials_interfaces_s.ep.rosidl_typesupport_fastrtps_c.c
[4.200s] -- Installing: /home/gabriel/Git_perso/UsineRobots/turtlebot2_ros2_rasp3/ros2_wc_gabriel/install/action_tutorials_interfaces/local/lib/python3.10/dist-packages/action_tutorials_interfaces/libaction_tutorials_interfaces__rosidl_generator_py.so
[4.200s] -- Installing: /home/gabriel/Git_perso/UsineRobots/turtlebot2_ros2_rasp3/ros2_wc_gabriel/install/action_tutorials_interfaces/local/lib/python3.10/dist-packages/action_tutorials_interfaces/action
[4.200s] -- Installing: /home/gabriel/Git_perso/UsineRobots/turtlebot2_ros2_rasp3/ros2_wc_gabriel/install/action_tutorials_interfaces/local/lib/python3.10/dist-packages/action_tutorials_interfaces/action/_fibonacci_s.c
[4.201s] -- Installing: /home/gabriel/Git_perso/UsineRobots/turtlebot2_ros2_rasp3/ros2_wc_gabriel/install/action_tutorials_interfaces/local/lib/python3.10/dist-packages/action_tutorials_interfaces/action/__init__.py
[4.201s] -- Installing: /home/gabriel/Git_perso/UsineRobots/turtlebot2_ros2_rasp3/ros2_wc_gabriel/install/action_tutorials_interfaces/local/lib/python3.10/dist-packages/action_tutorials_interfaces/action/_fibonacci.py
[4.233s] Listing '/home/gabriel/Git_perso/UsineRobots/turtlebot2_ros2_rasp3/ros2_wc_gabriel/install/action_tutorials_interfaces/local/lib/python3.10/dist-packages/action_tutorials_interfaces'...
[4.233s] Compiling '/home/gabriel/Git_perso/UsineRobots/turtlebot2_ros2_rasp3/ros2_wc_gabriel/install/action_tutorials_interfaces/local/lib/python3.10/dist-packages/action_tutorials_interfaces/__init__.py'...
[4.233s] Listing '/home/gabriel/Git_perso/UsineRobots/turtlebot2_ros2_rasp3/ros2_wc_gabriel/install/action_tutorials_interfaces/local/lib/python3.10/dist-packages/action_tutorials_interfaces/action'...
[4.233s] Compiling '/home/gabriel/Git_perso/UsineRobots/turtlebot2_ros2_rasp3/ros2_wc_gabriel/install/action_tutorials_interfaces/local/lib/python3.10/dist-packages/action_tutorials_interfaces/action/__init__.py'...
[4.233s] Compiling '/home/gabriel/Git_perso/UsineRobots/turtlebot2_ros2_rasp3/ros2_wc_gabriel/install/action_tutorials_interfaces/local/lib/python3.10/dist-packages/action_tutorials_interfaces/action/_fibonacci.py'...
[4.236s] -- Installing: /home/gabriel/Git_perso/UsineRobots/turtlebot2_ros2_rasp3/ros2_wc_gabriel/install/action_tutorials_interfaces/local/lib/python3.10/dist-packages/action_tutorials_interfaces/action_tutorials_interfaces_s__rosidl_typesupport_fastrtps_c.cpython-310-x86_64-linux-gnu.so
[4.236s] -- Set runtime path of "/home/gabriel/Git_perso/UsineRobots/turtlebot2_ros2_rasp3/ros2_wc_gabriel/install/action_tutorials_interfaces/local/lib/python3.10/dist-packages/action_tutorials_interfaces/action_tutorials_interfaces_s__rosidl_typesupport_fastrtps_c.cpython-310-x86_64-linux-gnu.so" to ""
[4.236s] -- Installing: /home/gabriel/Git_perso/UsineRobots/turtlebot2_ros2_rasp3/ros2_wc_gabriel/install/action_tutorials_interfaces/local/lib/python3.10/dist-packages/action_tutorials_interfaces/action_tutorials_interfaces_s__rosidl_typesupport_introspection_c.cpython-310-x86_64-linux-gnu.so
[4.237s] -- Set runtime path of "/home/gabriel/Git_perso/UsineRobots/turtlebot2_ros2_rasp3/ros2_wc_gabriel/install/action_tutorials_interfaces/local/lib/python3.10/dist-packages/action_tutorials_interfaces/action_tutorials_interfaces_s__rosidl_typesupport_introspection_c.cpython-310-x86_64-linux-gnu.so" to ""
[4.237s] -- Installing: /home/gabriel/Git_perso/UsineRobots/turtlebot2_ros2_rasp3/ros2_wc_gabriel/install/action_tutorials_interfaces/local/lib/python3.10/dist-packages/action_tutorials_interfaces/action_tutorials_interfaces_s__rosidl_typesupport_c.cpython-310-x86_64-linux-gnu.so
[4.237s] -- Set runtime path of "/home/gabriel/Git_perso/UsineRobots/turtlebot2_ros2_rasp3/ros2_wc_gabriel/install/action_tutorials_interfaces/local/lib/python3.10/dist-packages/action_tutorials_interfaces/action_tutorials_interfaces_s__rosidl_typesupport_c.cpython-310-x86_64-linux-gnu.so" to ""
[4.237s] -- Installing: /home/gabriel/Git_perso/UsineRobots/turtlebot2_ros2_rasp3/ros2_wc_gabriel/install/action_tutorials_interfaces/lib/libaction_tutorials_interfaces__rosidl_generator_py.so
[4.237s] -- Set runtime path of "/home/gabriel/Git_perso/UsineRobots/turtlebot2_ros2_rasp3/ros2_wc_gabriel/install/action_tutorials_interfaces/lib/libaction_tutorials_interfaces__rosidl_generator_py.so" to ""
[4.237s] -- Installing: /home/gabriel/Git_perso/UsineRobots/turtlebot2_ros2_rasp3/ros2_wc_gabriel/install/action_tutorials_interfaces/share/action_tutorials_interfaces/action/Fibonacci.idl
[4.237s] -- Installing: /home/gabriel/Git_perso/UsineRobots/turtlebot2_ros2_rasp3/ros2_wc_gabriel/install/action_tutorials_interfaces/share/action_tutorials_interfaces/action/Fibonacci.action
[4.237s] -- Installing: /home/gabriel/Git_perso/UsineRobots/turtlebot2_ros2_rasp3/ros2_wc_gabriel/install/action_tutorials_interfaces/share/ament_index/resource_index/package_run_dependencies/action_tutorials_interfaces
[4.237s] -- Installing: /home/gabriel/Git_perso/UsineRobots/turtlebot2_ros2_rasp3/ros2_wc_gabriel/install/action_tutorials_interfaces/share/ament_index/resource_index/parent_prefix_path/action_tutorials_interfaces
[4.237s] -- Installing: /home/gabriel/Git_perso/UsineRobots/turtlebot2_ros2_rasp3/ros2_wc_gabriel/install/action_tutorials_interfaces/share/action_tutorials_interfaces/environment/ament_prefix_path.sh
[4.237s] -- Installing: /home/gabriel/Git_perso/UsineRobots/turtlebot2_ros2_rasp3/ros2_wc_gabriel/install/action_tutorials_interfaces/share/action_tutorials_interfaces/environment/ament_prefix_path.dsv
[4.237s] -- Installing: /home/gabriel/Git_perso/UsineRobots/turtlebot2_ros2_rasp3/ros2_wc_gabriel/install/action_tutorials_interfaces/share/action_tutorials_interfaces/environment/path.sh
[4.238s] -- Installing: /home/gabriel/Git_perso/UsineRobots/turtlebot2_ros2_rasp3/ros2_wc_gabriel/install/action_tutorials_interfaces/share/action_tutorials_interfaces/environment/path.dsv
[4.238s] -- Installing: /home/gabriel/Git_perso/UsineRobots/turtlebot2_ros2_rasp3/ros2_wc_gabriel/install/action_tutorials_interfaces/share/action_tutorials_interfaces/local_setup.bash
[4.238s] -- Installing: /home/gabriel/Git_perso/UsineRobots/turtlebot2_ros2_rasp3/ros2_wc_gabriel/install/action_tutorials_interfaces/share/action_tutorials_interfaces/local_setup.sh
[4.238s] -- Installing: /home/gabriel/Git_perso/UsineRobots/turtlebot2_ros2_rasp3/ros2_wc_gabriel/install/action_tutorials_interfaces/share/action_tutorials_interfaces/local_setup.zsh
[4.238s] -- Installing: /home/gabriel/Git_perso/UsineRobots/turtlebot2_ros2_rasp3/ros2_wc_gabriel/install/action_tutorials_interfaces/share/action_tutorials_interfaces/local_setup.dsv
[4.238s] -- Installing: /home/gabriel/Git_perso/UsineRobots/turtlebot2_ros2_rasp3/ros2_wc_gabriel/install/action_tutorials_interfaces/share/action_tutorials_interfaces/package.dsv
[4.238s] -- Installing: /home/gabriel/Git_perso/UsineRobots/turtlebot2_ros2_rasp3/ros2_wc_gabriel/install/action_tutorials_interfaces/share/ament_index/resource_index/packages/action_tutorials_interfaces
[4.238s] -- Installing: /home/gabriel/Git_perso/UsineRobots/turtlebot2_ros2_rasp3/ros2_wc_gabriel/install/action_tutorials_interfaces/share/action_tutorials_interfaces/cmake/export_action_tutorials_interfaces__rosidl_generator_cExport.cmake
[4.238s] -- Installing: /home/gabriel/Git_perso/UsineRobots/turtlebot2_ros2_rasp3/ros2_wc_gabriel/install/action_tutorials_interfaces/share/action_tutorials_interfaces/cmake/export_action_tutorials_interfaces__rosidl_generator_cExport-noconfig.cmake
[4.238s] -- Installing: /home/gabriel/Git_perso/UsineRobots/turtlebot2_ros2_rasp3/ros2_wc_gabriel/install/action_tutorials_interfaces/share/action_tutorials_interfaces/cmake/export_action_tutorials_interfaces__rosidl_typesupport_fastrtps_cExport.cmake
[4.238s] -- Installing: /home/gabriel/Git_perso/UsineRobots/turtlebot2_ros2_rasp3/ros2_wc_gabriel/install/action_tutorials_interfaces/share/action_tutorials_interfaces/cmake/export_action_tutorials_interfaces__rosidl_typesupport_fastrtps_cExport-noconfig.cmake
[4.238s] -- Installing: /home/gabriel/Git_perso/UsineRobots/turtlebot2_ros2_rasp3/ros2_wc_gabriel/install/action_tutorials_interfaces/share/action_tutorials_interfaces/cmake/action_tutorials_interfaces__rosidl_typesupport_introspection_cExport.cmake
[4.239s] -- Installing: /home/gabriel/Git_perso/UsineRobots/turtlebot2_ros2_rasp3/ros2_wc_gabriel/install/action_tutorials_interfaces/share/action_tutorials_interfaces/cmake/action_tutorials_interfaces__rosidl_typesupport_introspection_cExport-noconfig.cmake
[4.239s] -- Installing: /home/gabriel/Git_perso/UsineRobots/turtlebot2_ros2_rasp3/ros2_wc_gabriel/install/action_tutorials_interfaces/share/action_tutorials_interfaces/cmake/action_tutorials_interfaces__rosidl_typesupport_cExport.cmake
[4.239s] -- Installing: /home/gabriel/Git_perso/UsineRobots/turtlebot2_ros2_rasp3/ros2_wc_gabriel/install/action_tutorials_interfaces/share/action_tutorials_interfaces/cmake/action_tutorials_interfaces__rosidl_typesupport_cExport-noconfig.cmake
[4.239s] -- Installing: /home/gabriel/Git_perso/UsineRobots/turtlebot2_ros2_rasp3/ros2_wc_gabriel/install/action_tutorials_interfaces/share/action_tutorials_interfaces/cmake/export_action_tutorials_interfaces__rosidl_generator_cppExport.cmake
[4.239s] -- Installing: /home/gabriel/Git_perso/UsineRobots/turtlebot2_ros2_rasp3/ros2_wc_gabriel/install/action_tutorials_interfaces/share/action_tutorials_interfaces/cmake/export_action_tutorials_interfaces__rosidl_typesupport_fastrtps_cppExport.cmake
[4.239s] -- Installing: /home/gabriel/Git_perso/UsineRobots/turtlebot2_ros2_rasp3/ros2_wc_gabriel/install/action_tutorials_interfaces/share/action_tutorials_interfaces/cmake/export_action_tutorials_interfaces__rosidl_typesupport_fastrtps_cppExport-noconfig.cmake
[4.239s] -- Installing: /home/gabriel/Git_perso/UsineRobots/turtlebot2_ros2_rasp3/ros2_wc_gabriel/install/action_tutorials_interfaces/share/action_tutorials_interfaces/cmake/action_tutorials_interfaces__rosidl_typesupport_introspection_cppExport.cmake
[4.239s] -- Installing: /home/gabriel/Git_perso/UsineRobots/turtlebot2_ros2_rasp3/ros2_wc_gabriel/install/action_tutorials_interfaces/share/action_tutorials_interfaces/cmake/action_tutorials_interfaces__rosidl_typesupport_introspection_cppExport-noconfig.cmake
[4.239s] -- Installing: /home/gabriel/Git_perso/UsineRobots/turtlebot2_ros2_rasp3/ros2_wc_gabriel/install/action_tutorials_interfaces/share/action_tutorials_interfaces/cmake/action_tutorials_interfaces__rosidl_typesupport_cppExport.cmake
[4.239s] -- Installing: /home/gabriel/Git_perso/UsineRobots/turtlebot2_ros2_rasp3/ros2_wc_gabriel/install/action_tutorials_interfaces/share/action_tutorials_interfaces/cmake/action_tutorials_interfaces__rosidl_typesupport_cppExport-noconfig.cmake
[4.239s] -- Installing: /home/gabriel/Git_perso/UsineRobots/turtlebot2_ros2_rasp3/ros2_wc_gabriel/install/action_tutorials_interfaces/share/action_tutorials_interfaces/cmake/export_action_tutorials_interfaces__rosidl_generator_pyExport.cmake
[4.239s] -- Installing: /home/gabriel/Git_perso/UsineRobots/turtlebot2_ros2_rasp3/ros2_wc_gabriel/install/action_tutorials_interfaces/share/action_tutorials_interfaces/cmake/export_action_tutorials_interfaces__rosidl_generator_pyExport-noconfig.cmake
[4.240s] -- Installing: /home/gabriel/Git_perso/UsineRobots/turtlebot2_ros2_rasp3/ros2_wc_gabriel/install/action_tutorials_interfaces/share/action_tutorials_interfaces/cmake/rosidl_cmake-extras.cmake
[4.240s] -- Installing: /home/gabriel/Git_perso/UsineRobots/turtlebot2_ros2_rasp3/ros2_wc_gabriel/install/action_tutorials_interfaces/share/action_tutorials_interfaces/cmake/ament_cmake_export_dependencies-extras.cmake
[4.240s] -- Installing: /home/gabriel/Git_perso/UsineRobots/turtlebot2_ros2_rasp3/ros2_wc_gabriel/install/action_tutorials_interfaces/share/action_tutorials_interfaces/cmake/ament_cmake_export_include_directories-extras.cmake
[4.240s] -- Installing: /home/gabriel/Git_perso/UsineRobots/turtlebot2_ros2_rasp3/ros2_wc_gabriel/install/action_tutorials_interfaces/share/action_tutorials_interfaces/cmake/ament_cmake_export_libraries-extras.cmake
[4.240s] -- Installing: /home/gabriel/Git_perso/UsineRobots/turtlebot2_ros2_rasp3/ros2_wc_gabriel/install/action_tutorials_interfaces/share/action_tutorials_interfaces/cmake/ament_cmake_export_targets-extras.cmake
[4.240s] -- Installing: /home/gabriel/Git_perso/UsineRobots/turtlebot2_ros2_rasp3/ros2_wc_gabriel/install/action_tutorials_interfaces/share/action_tutorials_interfaces/cmake/rosidl_cmake_export_typesupport_targets-extras.cmake
[4.240s] -- Installing: /home/gabriel/Git_perso/UsineRobots/turtlebot2_ros2_rasp3/ros2_wc_gabriel/install/action_tutorials_interfaces/share/action_tutorials_interfaces/cmake/rosidl_cmake_export_typesupport_libraries-extras.cmake
[4.240s] -- Installing: /home/gabriel/Git_perso/UsineRobots/turtlebot2_ros2_rasp3/ros2_wc_gabriel/install/action_tutorials_interfaces/share/action_tutorials_interfaces/cmake/action_tutorials_interfacesConfig.cmake
[4.240s] -- Installing: /home/gabriel/Git_perso/UsineRobots/turtlebot2_ros2_rasp3/ros2_wc_gabriel/install/action_tutorials_interfaces/share/action_tutorials_interfaces/cmake/action_tutorials_interfacesConfig-version.cmake
[4.240s] -- Installing: /home/gabriel/Git_perso/UsineRobots/turtlebot2_ros2_rasp3/ros2_wc_gabriel/install/action_tutorials_interfaces/share/action_tutorials_interfaces/package.xml
[4.241s] Invoked command in '/home/gabriel/Git_perso/UsineRobots/turtlebot2_ros2_rasp3/ros2_wc_gabriel/build/action_tutorials_interfaces' returned '0': CMAKE_PREFIX_PATH=${CMAKE_PREFIX_PATH}:/opt/ros/humble /usr/bin/cmake --install /home/gabriel/Git_perso/UsineRobots/turtlebot2_ros2_rasp3/ros2_wc_gabriel/build/action_tutorials_interfaces
