[0.007s] Invoking command in '/home/gabriel/Git_perso/UsineRobots/turtlebot2_ros2_rasp3/ros2_wc_gabriel/build/cpp_pubsub': CMAKE_PREFIX_PATH=${CMAKE_PREFIX_PATH}:/opt/ros/humble /usr/bin/cmake /home/gabriel/Git_perso/UsineRobots/turtlebot2_ros2_rasp3/ros2_wc_gabriel/src/cpp_pubsub -DCMAKE_INSTALL_PREFIX=/home/gabriel/Git_perso/UsineRobots/turtlebot2_ros2_rasp3/ros2_wc_gabriel/install/cpp_pubsub
[0.068s] -- The C compiler identification is GNU 11.4.0
[0.112s] -- The CXX compiler identification is GNU 11.4.0
[0.118s] -- Detecting C compiler ABI info
[0.204s] -- Detecting C compiler ABI info - done
[0.212s] -- Check for working C compiler: /usr/bin/cc - skipped
[0.212s] -- Detecting C compile features
[0.213s] -- Detecting C compile features - done
[0.215s] -- Detecting CXX compiler ABI info
[0.300s] -- Detecting CXX compiler ABI info - done
[0.305s] -- Check for working CXX compiler: /usr/bin/c++ - skipped
[0.305s] -- Detecting CXX compile features
[0.306s] -- Detecting CXX compile features - done
[0.308s] -- Found ament_cmake: 1.3.11 (/opt/ros/humble/share/ament_cmake/cmake)
[0.438s] -- Found Python3: /usr/bin/python3 (found version "3.10.12") found components: Interpreter 
[0.510s] -- Found rclcpp: 16.0.11 (/opt/ros/humble/share/rclcpp/cmake)
[0.662s] -- Found rosidl_generator_c: 3.1.6 (/opt/ros/humble/share/rosidl_generator_c/cmake)
[0.676s] -- Found rosidl_adapter: 3.1.6 (/opt/ros/humble/share/rosidl_adapter/cmake)
[0.709s] -- Found rosidl_generator_cpp: 3.1.6 (/opt/ros/humble/share/rosidl_generator_cpp/cmake)
[0.758s] -- Using all available rosidl_typesupport_c: rosidl_typesupport_fastrtps_c;rosidl_typesupport_introspection_c
[0.806s] -- Using all available rosidl_typesupport_cpp: rosidl_typesupport_fastrtps_cpp;rosidl_typesupport_introspection_cpp
[0.924s] -- Found rmw_implementation_cmake: 6.1.2 (/opt/ros/humble/share/rmw_implementation_cmake/cmake)
[0.935s] -- Found rmw_fastrtps_cpp: 6.2.7 (/opt/ros/humble/share/rmw_fastrtps_cpp/cmake)
[1.117s] -- Found OpenSSL: /usr/lib/x86_64-linux-gnu/libcrypto.so (found version "3.0.2")  
[1.168s] -- Found FastRTPS: /opt/ros/humble/include  
[1.209s] -- Using RMW implementation 'rmw_fastrtps_cpp' as default
[1.239s] -- Looking for pthread.h
[1.360s] -- Looking for pthread.h - found
[1.360s] -- Performing Test CMAKE_HAVE_LIBC_PTHREAD
[1.459s] -- Performing Test CMAKE_HAVE_LIBC_PTHREAD - Success
[1.460s] -- Found Threads: TRUE  
[1.665s] [31mCMake Error at CMakeLists.txt:16 (install):
[1.665s]   install TARGETS given target "listener" which does not exist.
[1.665s] 
[1.665s] [0m
[1.713s] -- Configuring incomplete, errors occurred!
[1.713s] See also "/home/gabriel/Git_perso/UsineRobots/turtlebot2_ros2_rasp3/ros2_wc_gabriel/build/cpp_pubsub/CMakeFiles/CMakeOutput.log".
[1.720s] Invoked command in '/home/gabriel/Git_perso/UsineRobots/turtlebot2_ros2_rasp3/ros2_wc_gabriel/build/cpp_pubsub' returned '1': CMAKE_PREFIX_PATH=${CMAKE_PREFIX_PATH}:/opt/ros/humble /usr/bin/cmake /home/gabriel/Git_perso/UsineRobots/turtlebot2_ros2_rasp3/ros2_wc_gabriel/src/cpp_pubsub -DCMAKE_INSTALL_PREFIX=/home/gabriel/Git_perso/UsineRobots/turtlebot2_ros2_rasp3/ros2_wc_gabriel/install/cpp_pubsub
