[0.007s] Invoking command in '/home/gabriel/Git_perso/UsineRobots/turtlebot2_ros2_rasp3/ros2_wc_gabriel/build/trajectory': CMAKE_PREFIX_PATH=/opt/ros/humble /usr/bin/cmake /home/gabriel/Git_perso/UsineRobots/turtlebot2_ros2_rasp3/ros2_wc_gabriel/trajectory -DCMAKE_INSTALL_PREFIX=/home/gabriel/Git_perso/UsineRobots/turtlebot2_ros2_rasp3/ros2_wc_gabriel/install/trajectory
[0.639s] -- The C compiler identification is GNU 11.4.0
[0.835s] -- The CXX compiler identification is GNU 11.4.0
[0.859s] -- Detecting C compiler ABI info
[1.006s] -- Detecting C compiler ABI info - done
[1.016s] -- Check for working C compiler: /usr/bin/cc - skipped
[1.023s] -- Detecting C compile features
[1.025s] -- Detecting C compile features - done
[1.034s] -- Detecting CXX compiler ABI info
[1.143s] -- Detecting CXX compiler ABI info - done
[1.155s] -- Check for working CXX compiler: /usr/bin/c++ - skipped
[1.155s] -- Detecting CXX compile features
[1.155s] -- Detecting CXX compile features - done
[1.181s] -- Found ament_cmake: 1.3.11 (/opt/ros/humble/share/ament_cmake/cmake)
[1.360s] -- Found Python3: /usr/bin/python3 (found version "3.10.12") found components: Interpreter 
[1.525s] -- Found ament_lint_auto: 0.12.11 (/opt/ros/humble/share/ament_lint_auto/cmake)
[1.633s] -- Added test 'cppcheck' to perform static code analysis on C / C++ code
[1.633s] -- Configured cppcheck include dirs: $<BUILD_INTERFACE:/home/gabriel/Git_perso/UsineRobots/turtlebot2_ros2_rasp3/ros2_wc_gabriel/trajectory/include>
[1.633s] -- Configured cppcheck exclude dirs and/or files: 
[1.636s] -- Added test 'lint_cmake' to check CMake code style
[1.638s] -- Added test 'uncrustify' to check C / C++ code style
[1.638s] -- Configured uncrustify additional arguments: 
[1.640s] -- Added test 'xmllint' to check XML markup files
[1.644s] -- Configuring done
[1.650s] -- Generating done
[1.653s] -- Build files have been written to: /home/gabriel/Git_perso/UsineRobots/turtlebot2_ros2_rasp3/ros2_wc_gabriel/build/trajectory
[1.657s] Invoked command in '/home/gabriel/Git_perso/UsineRobots/turtlebot2_ros2_rasp3/ros2_wc_gabriel/build/trajectory' returned '0': CMAKE_PREFIX_PATH=/opt/ros/humble /usr/bin/cmake /home/gabriel/Git_perso/UsineRobots/turtlebot2_ros2_rasp3/ros2_wc_gabriel/trajectory -DCMAKE_INSTALL_PREFIX=/home/gabriel/Git_perso/UsineRobots/turtlebot2_ros2_rasp3/ros2_wc_gabriel/install/trajectory
[1.659s] Invoking command in '/home/gabriel/Git_perso/UsineRobots/turtlebot2_ros2_rasp3/ros2_wc_gabriel/build/trajectory': CMAKE_PREFIX_PATH=/opt/ros/humble /usr/bin/cmake --build /home/gabriel/Git_perso/UsineRobots/turtlebot2_ros2_rasp3/ros2_wc_gabriel/build/trajectory -- -j20 -l20
[1.714s] [ 50%] [32mBuilding CXX object CMakeFiles/my_node.dir/src/my_node.cpp.o[0m
[1.796s] [100%] [32m[1mLinking CXX executable my_node[0m
[1.852s] [100%] Built target my_node
[1.865s] Invoked command in '/home/gabriel/Git_perso/UsineRobots/turtlebot2_ros2_rasp3/ros2_wc_gabriel/build/trajectory' returned '0': CMAKE_PREFIX_PATH=/opt/ros/humble /usr/bin/cmake --build /home/gabriel/Git_perso/UsineRobots/turtlebot2_ros2_rasp3/ros2_wc_gabriel/build/trajectory -- -j20 -l20
[1.876s] Invoking command in '/home/gabriel/Git_perso/UsineRobots/turtlebot2_ros2_rasp3/ros2_wc_gabriel/build/trajectory': CMAKE_PREFIX_PATH=/opt/ros/humble /usr/bin/cmake --install /home/gabriel/Git_perso/UsineRobots/turtlebot2_ros2_rasp3/ros2_wc_gabriel/build/trajectory
[1.884s] -- Install configuration: ""
[1.884s] -- Installing: /home/gabriel/Git_perso/UsineRobots/turtlebot2_ros2_rasp3/ros2_wc_gabriel/install/trajectory/lib/trajectory/my_node
[1.884s] -- Installing: /home/gabriel/Git_perso/UsineRobots/turtlebot2_ros2_rasp3/ros2_wc_gabriel/install/trajectory/share/ament_index/resource_index/package_run_dependencies/trajectory
[1.884s] -- Installing: /home/gabriel/Git_perso/UsineRobots/turtlebot2_ros2_rasp3/ros2_wc_gabriel/install/trajectory/share/ament_index/resource_index/parent_prefix_path/trajectory
[1.884s] -- Installing: /home/gabriel/Git_perso/UsineRobots/turtlebot2_ros2_rasp3/ros2_wc_gabriel/install/trajectory/share/trajectory/environment/ament_prefix_path.sh
[1.884s] -- Installing: /home/gabriel/Git_perso/UsineRobots/turtlebot2_ros2_rasp3/ros2_wc_gabriel/install/trajectory/share/trajectory/environment/ament_prefix_path.dsv
[1.884s] -- Installing: /home/gabriel/Git_perso/UsineRobots/turtlebot2_ros2_rasp3/ros2_wc_gabriel/install/trajectory/share/trajectory/environment/path.sh
[1.885s] -- Installing: /home/gabriel/Git_perso/UsineRobots/turtlebot2_ros2_rasp3/ros2_wc_gabriel/install/trajectory/share/trajectory/environment/path.dsv
[1.885s] -- Installing: /home/gabriel/Git_perso/UsineRobots/turtlebot2_ros2_rasp3/ros2_wc_gabriel/install/trajectory/share/trajectory/local_setup.bash
[1.885s] -- Installing: /home/gabriel/Git_perso/UsineRobots/turtlebot2_ros2_rasp3/ros2_wc_gabriel/install/trajectory/share/trajectory/local_setup.sh
[1.885s] -- Installing: /home/gabriel/Git_perso/UsineRobots/turtlebot2_ros2_rasp3/ros2_wc_gabriel/install/trajectory/share/trajectory/local_setup.zsh
[1.885s] -- Installing: /home/gabriel/Git_perso/UsineRobots/turtlebot2_ros2_rasp3/ros2_wc_gabriel/install/trajectory/share/trajectory/local_setup.dsv
[1.885s] -- Installing: /home/gabriel/Git_perso/UsineRobots/turtlebot2_ros2_rasp3/ros2_wc_gabriel/install/trajectory/share/trajectory/package.dsv
[1.885s] -- Installing: /home/gabriel/Git_perso/UsineRobots/turtlebot2_ros2_rasp3/ros2_wc_gabriel/install/trajectory/share/ament_index/resource_index/packages/trajectory
[1.885s] -- Installing: /home/gabriel/Git_perso/UsineRobots/turtlebot2_ros2_rasp3/ros2_wc_gabriel/install/trajectory/share/trajectory/cmake/trajectoryConfig.cmake
[1.885s] -- Installing: /home/gabriel/Git_perso/UsineRobots/turtlebot2_ros2_rasp3/ros2_wc_gabriel/install/trajectory/share/trajectory/cmake/trajectoryConfig-version.cmake
[1.885s] -- Installing: /home/gabriel/Git_perso/UsineRobots/turtlebot2_ros2_rasp3/ros2_wc_gabriel/install/trajectory/share/trajectory/package.xml
[1.887s] Invoked command in '/home/gabriel/Git_perso/UsineRobots/turtlebot2_ros2_rasp3/ros2_wc_gabriel/build/trajectory' returned '0': CMAKE_PREFIX_PATH=/opt/ros/humble /usr/bin/cmake --install /home/gabriel/Git_perso/UsineRobots/turtlebot2_ros2_rasp3/ros2_wc_gabriel/build/trajectory
