[0.007s] Invoking command in '/home/gabriel/Git_perso/UsineRobots/turtlebot2_ros2_rasp3/ros2_wc_gabriel/build/cpp_pubsub': CMAKE_PREFIX_PATH=${CMAKE_PREFIX_PATH}:/opt/ros/humble /usr/bin/cmake /home/gabriel/Git_perso/UsineRobots/turtlebot2_ros2_rasp3/ros2_wc_gabriel/src/cpp_pubsub -DCMAKE_INSTALL_PREFIX=/home/gabriel/Git_perso/UsineRobots/turtlebot2_ros2_rasp3/ros2_wc_gabriel/install/cpp_pubsub
[0.015s] -- Found ament_cmake: 1.3.11 (/opt/ros/humble/share/ament_cmake/cmake)
[0.102s] -- Found rclcpp: 16.0.11 (/opt/ros/humble/share/rclcpp/cmake)
[0.120s] -- Found rosidl_generator_c: 3.1.6 (/opt/ros/humble/share/rosidl_generator_c/cmake)
[0.121s] -- Found rosidl_adapter: 3.1.6 (/opt/ros/humble/share/rosidl_adapter/cmake)
[0.125s] -- Found rosidl_generator_cpp: 3.1.6 (/opt/ros/humble/share/rosidl_generator_cpp/cmake)
[0.131s] -- Using all available rosidl_typesupport_c: rosidl_typesupport_fastrtps_c;rosidl_typesupport_introspection_c
[0.139s] -- Using all available rosidl_typesupport_cpp: rosidl_typesupport_fastrtps_cpp;rosidl_typesupport_introspection_cpp
[0.159s] -- Found rmw_implementation_cmake: 6.1.2 (/opt/ros/humble/share/rmw_implementation_cmake/cmake)
[0.160s] -- Found rmw_fastrtps_cpp: 6.2.7 (/opt/ros/humble/share/rmw_fastrtps_cpp/cmake)
[0.230s] -- Using RMW implementation 'rmw_fastrtps_cpp' as default
[0.303s] -- Configuring done
[0.309s] -- Generating done
[0.312s] -- Build files have been written to: /home/gabriel/Git_perso/UsineRobots/turtlebot2_ros2_rasp3/ros2_wc_gabriel/build/cpp_pubsub
[0.318s] Invoked command in '/home/gabriel/Git_perso/UsineRobots/turtlebot2_ros2_rasp3/ros2_wc_gabriel/build/cpp_pubsub' returned '0': CMAKE_PREFIX_PATH=${CMAKE_PREFIX_PATH}:/opt/ros/humble /usr/bin/cmake /home/gabriel/Git_perso/UsineRobots/turtlebot2_ros2_rasp3/ros2_wc_gabriel/src/cpp_pubsub -DCMAKE_INSTALL_PREFIX=/home/gabriel/Git_perso/UsineRobots/turtlebot2_ros2_rasp3/ros2_wc_gabriel/install/cpp_pubsub
[0.318s] Invoking command in '/home/gabriel/Git_perso/UsineRobots/turtlebot2_ros2_rasp3/ros2_wc_gabriel/build/cpp_pubsub': CMAKE_PREFIX_PATH=${CMAKE_PREFIX_PATH}:/opt/ros/humble /usr/bin/cmake --build /home/gabriel/Git_perso/UsineRobots/turtlebot2_ros2_rasp3/ros2_wc_gabriel/build/cpp_pubsub -- -j20 -l20
[0.366s] [ 25%] [32mBuilding CXX object CMakeFiles/talker.dir/src/publisher_member_function.cpp.o[0m
[0.366s] [ 50%] [32mBuilding CXX object CMakeFiles/listener.dir/src/subscriber_member_function.cpp.o[0m
[3.808s] [ 75%] [32m[1mLinking CXX executable talker[0m
[4.046s] [ 75%] Built target talker
[7.206s] [100%] [32m[1mLinking CXX executable listener[0m
[7.437s] [100%] Built target listener
[7.471s] Invoked command in '/home/gabriel/Git_perso/UsineRobots/turtlebot2_ros2_rasp3/ros2_wc_gabriel/build/cpp_pubsub' returned '0': CMAKE_PREFIX_PATH=${CMAKE_PREFIX_PATH}:/opt/ros/humble /usr/bin/cmake --build /home/gabriel/Git_perso/UsineRobots/turtlebot2_ros2_rasp3/ros2_wc_gabriel/build/cpp_pubsub -- -j20 -l20
[7.483s] Invoking command in '/home/gabriel/Git_perso/UsineRobots/turtlebot2_ros2_rasp3/ros2_wc_gabriel/build/cpp_pubsub': CMAKE_PREFIX_PATH=${CMAKE_PREFIX_PATH}:/opt/ros/humble /usr/bin/cmake --install /home/gabriel/Git_perso/UsineRobots/turtlebot2_ros2_rasp3/ros2_wc_gabriel/build/cpp_pubsub
[7.494s] -- Install configuration: ""
[7.494s] -- Installing: /home/gabriel/Git_perso/UsineRobots/turtlebot2_ros2_rasp3/ros2_wc_gabriel/install/cpp_pubsub/lib/cpp_pubsub/talker
[7.495s] -- Set runtime path of "/home/gabriel/Git_perso/UsineRobots/turtlebot2_ros2_rasp3/ros2_wc_gabriel/install/cpp_pubsub/lib/cpp_pubsub/talker" to ""
[7.495s] -- Up-to-date: /home/gabriel/Git_perso/UsineRobots/turtlebot2_ros2_rasp3/ros2_wc_gabriel/install/cpp_pubsub/lib/cpp_pubsub/talker
[7.495s] -- Installing: /home/gabriel/Git_perso/UsineRobots/turtlebot2_ros2_rasp3/ros2_wc_gabriel/install/cpp_pubsub/lib/cpp_pubsub/listener
[7.497s] -- Set runtime path of "/home/gabriel/Git_perso/UsineRobots/turtlebot2_ros2_rasp3/ros2_wc_gabriel/install/cpp_pubsub/lib/cpp_pubsub/listener" to ""
[7.498s] -- Installing: /home/gabriel/Git_perso/UsineRobots/turtlebot2_ros2_rasp3/ros2_wc_gabriel/install/cpp_pubsub/share/ament_index/resource_index/package_run_dependencies/cpp_pubsub
[7.498s] -- Installing: /home/gabriel/Git_perso/UsineRobots/turtlebot2_ros2_rasp3/ros2_wc_gabriel/install/cpp_pubsub/share/ament_index/resource_index/parent_prefix_path/cpp_pubsub
[7.498s] -- Installing: /home/gabriel/Git_perso/UsineRobots/turtlebot2_ros2_rasp3/ros2_wc_gabriel/install/cpp_pubsub/share/cpp_pubsub/environment/ament_prefix_path.sh
[7.498s] -- Installing: /home/gabriel/Git_perso/UsineRobots/turtlebot2_ros2_rasp3/ros2_wc_gabriel/install/cpp_pubsub/share/cpp_pubsub/environment/ament_prefix_path.dsv
[7.498s] -- Installing: /home/gabriel/Git_perso/UsineRobots/turtlebot2_ros2_rasp3/ros2_wc_gabriel/install/cpp_pubsub/share/cpp_pubsub/environment/path.sh
[7.498s] -- Installing: /home/gabriel/Git_perso/UsineRobots/turtlebot2_ros2_rasp3/ros2_wc_gabriel/install/cpp_pubsub/share/cpp_pubsub/environment/path.dsv
[7.498s] -- Installing: /home/gabriel/Git_perso/UsineRobots/turtlebot2_ros2_rasp3/ros2_wc_gabriel/install/cpp_pubsub/share/cpp_pubsub/local_setup.bash
[7.498s] -- Installing: /home/gabriel/Git_perso/UsineRobots/turtlebot2_ros2_rasp3/ros2_wc_gabriel/install/cpp_pubsub/share/cpp_pubsub/local_setup.sh
[7.498s] -- Installing: /home/gabriel/Git_perso/UsineRobots/turtlebot2_ros2_rasp3/ros2_wc_gabriel/install/cpp_pubsub/share/cpp_pubsub/local_setup.zsh
[7.498s] -- Installing: /home/gabriel/Git_perso/UsineRobots/turtlebot2_ros2_rasp3/ros2_wc_gabriel/install/cpp_pubsub/share/cpp_pubsub/local_setup.dsv
[7.499s] -- Installing: /home/gabriel/Git_perso/UsineRobots/turtlebot2_ros2_rasp3/ros2_wc_gabriel/install/cpp_pubsub/share/cpp_pubsub/package.dsv
[7.499s] -- Installing: /home/gabriel/Git_perso/UsineRobots/turtlebot2_ros2_rasp3/ros2_wc_gabriel/install/cpp_pubsub/share/ament_index/resource_index/packages/cpp_pubsub
[7.499s] -- Installing: /home/gabriel/Git_perso/UsineRobots/turtlebot2_ros2_rasp3/ros2_wc_gabriel/install/cpp_pubsub/share/cpp_pubsub/cmake/cpp_pubsubConfig.cmake
[7.499s] -- Installing: /home/gabriel/Git_perso/UsineRobots/turtlebot2_ros2_rasp3/ros2_wc_gabriel/install/cpp_pubsub/share/cpp_pubsub/cmake/cpp_pubsubConfig-version.cmake
[7.499s] -- Installing: /home/gabriel/Git_perso/UsineRobots/turtlebot2_ros2_rasp3/ros2_wc_gabriel/install/cpp_pubsub/share/cpp_pubsub/package.xml
[7.501s] Invoked command in '/home/gabriel/Git_perso/UsineRobots/turtlebot2_ros2_rasp3/ros2_wc_gabriel/build/cpp_pubsub' returned '0': CMAKE_PREFIX_PATH=${CMAKE_PREFIX_PATH}:/opt/ros/humble /usr/bin/cmake --install /home/gabriel/Git_perso/UsineRobots/turtlebot2_ros2_rasp3/ros2_wc_gabriel/build/cpp_pubsub
